============================= test session starts =============================
platform win32 -- Python 3.12.10, pytest-9.0.2, pluggy-1.6.0 -- C:\Users\Hariom Sharma\AppData\Local\Programs\Python\Python312\python.exe
cachedir: .pytest_cache
rootdir: D:\OperatingProject
collecting ... collected 15 items

project/tests/test_file_operations.py::TestFileOperations::test_ai_insights PASSED [  6%]
project/tests/test_file_operations.py::TestFileOperations::test_delete_file PASSED [ 13%]
project/tests/test_file_operations.py::TestFileOperations::test_file_history_tracks_permission_changes PASSED [ 20%]
project/tests/test_file_operations.py::TestFileOperations::test_get_metadata PASSED [ 26%]
project/tests/test_file_operations.py::TestFileOperations::test_list_files PASSED [ 33%]
project/tests/test_file_operations.py::TestFileOperations::test_login_with_case_insensitive_username PASSED [ 40%]
project/tests/test_file_operations.py::TestFileOperations::test_read_file PASSED [ 46%]
project/tests/test_file_operations.py::TestFileOperations::test_read_file_access_denied PASSED [ 53%]
project/tests/test_file_operations.py::TestFileOperations::test_read_only_share_cannot_write PASSED [ 60%]
project/tests/test_file_operations.py::TestFileOperations::test_share_and_read PASSED [ 66%]
project/tests/test_file_operations.py::TestFileOperations::test_share_history_records_with_timestamp PASSED [ 73%]
project/tests/test_file_operations.py::TestFileOperations::test_share_with_case_insensitive_username PASSED [ 80%]
project/tests/test_file_operations.py::TestFileOperations::test_upload_blocked_extension PASSED [ 86%]
project/tests/test_file_operations.py::TestFileOperations::test_upload_file PASSED [ 93%]
project/tests/test_file_operations.py::TestFileOperations::test_write_file PASSED [100%]

============================= 15 passed in 7.13s ==============================
